AR mux behavioral C:/.Xilinx/arthmetic_8_bit_structure/mux.vhd sub00/vhpl03 1702220705
EN and_gate_three_one NULL C:/.Xilinx/arthmetic_8_bit_structure/and_gate_three_one.vhd sub00/vhpl08 1702220700
AR xor_gate behavioral C:/.Xilinx/arthmetic_8_bit_structure/xor_gate.vhd sub00/vhpl11 1702221605
EN or_gate_four_one NULL C:/.Xilinx/arthmetic_8_bit_structure/or_gate_four_one.vhd sub00/vhpl06 1702220702
AR and_gate_three_one behavioral C:/.Xilinx/arthmetic_8_bit_structure/and_gate_three_one.vhd sub00/vhpl09 1702220701
AR and_gate behavioral C:/.Xilinx/arthmetic_8_bit_structure/and_gate.vhd sub00/vhpl13 1702221607
AR or_gate behavioral C:/.Xilinx/arthmetic_8_bit_structure/or_gate.vhd sub00/vhpl15 1702221609
AR arthmetic_8_bit_structure behavioral C:/.Xilinx/arthmetic_8_bit_structure/arthmetic_8_bit_structure.vhd sub00/vhpl01 1702220709
EN full_adder NULL C:/.Xilinx/arthmetic_8_bit_structure/full_adder.vhd sub00/vhpl04 1702221610
EN or_gate NULL C:/.Xilinx/arthmetic_8_bit_structure/or_gate.vhd sub00/vhpl14 1702221608
EN arthmetic_8_bit_structure NULL C:/.Xilinx/arthmetic_8_bit_structure/arthmetic_8_bit_structure.vhd sub00/vhpl00 1702220708
EN mux NULL C:/.Xilinx/arthmetic_8_bit_structure/mux.vhd sub00/vhpl02 1702220704
AR full_adder behavioral C:/.Xilinx/arthmetic_8_bit_structure/full_adder.vhd sub00/vhpl05 1702221611
EN xor_gate NULL C:/.Xilinx/arthmetic_8_bit_structure/xor_gate.vhd sub00/vhpl10 1702221604
AR or_gate_four_one behavioral C:/.Xilinx/arthmetic_8_bit_structure/or_gate_four_one.vhd sub00/vhpl07 1702220703
EN and_gate NULL C:/.Xilinx/arthmetic_8_bit_structure/and_gate.vhd sub00/vhpl12 1702221606
