Release 14.7 - xst P.20131013 (nt64)
Copyright (c) 1995-2013 Xilinx, Inc.  All rights reserved.
--> Parameter TMPDIR set to xst/projnav.tmp


Total REAL time to Xst completion: 0.00 secs
Total CPU time to Xst completion: 0.13 secs
 
--> Parameter xsthdpdir set to xst


Total REAL time to Xst completion: 0.00 secs
Total CPU time to Xst completion: 0.13 secs
 
--> Reading design: arthmetic_8_bit_structure.prj

TABLE OF CONTENTS
  1) Synthesis Options Summary
  2) HDL Compilation
  3) Design Hierarchy Analysis
  4) HDL Analysis
  5) HDL Synthesis
     5.1) HDL Synthesis Report
  6) Advanced HDL Synthesis
     6.1) Advanced HDL Synthesis Report
  7) Low Level Synthesis
  8) Partition Report
  9) Final Report
	9.1) Device utilization summary
	9.2) Partition Resource Summary
	9.3) TIMING REPORT


=========================================================================
*                      Synthesis Options Summary                        *
=========================================================================
---- Source Parameters
Input File Name                    : "arthmetic_8_bit_structure.prj"
Input Format                       : mixed
Ignore Synthesis Constraint File   : NO

---- Target Parameters
Output File Name                   : "arthmetic_8_bit_structure"
Output Format                      : NGC
Target Device                      : xc3s100e-4-cp132

---- Source Options
Top Module Name                    : arthmetic_8_bit_structure
Automatic FSM Extraction           : YES
FSM Encoding Algorithm             : Auto
Safe Implementation                : No
FSM Style                          : LUT
RAM Extraction                     : Yes
RAM Style                          : Auto
ROM Extraction                     : Yes
Mux Style                          : Auto
Decoder Extraction                 : YES
Priority Encoder Extraction        : Yes
Shift Register Extraction          : YES
Logical Shifter Extraction         : YES
XOR Collapsing                     : YES
ROM Style                          : Auto
Mux Extraction                     : Yes
Resource Sharing                   : YES
Asynchronous To Synchronous        : NO
Multiplier Style                   : Auto
Automatic Register Balancing       : No

---- Target Options
Add IO Buffers                     : YES
Global Maximum Fanout              : 500
Add Generic Clock Buffer(BUFG)     : 24
Register Duplication               : YES
Slice Packing                      : YES
Optimize Instantiated Primitives   : NO
Use Clock Enable                   : Yes
Use Synchronous Set                : Yes
Use Synchronous Reset              : Yes
Pack IO Registers into IOBs        : Auto
Equivalent register Removal        : YES

---- General Options
Optimization Goal                  : Speed
Optimization Effort                : 1
Keep Hierarchy                     : No
Netlist Hierarchy                  : As_Optimized
RTL Output                         : Yes
Global Optimization                : AllClockNets
Read Cores                         : YES
Write Timing Constraints           : NO
Cross Clock Analysis               : NO
Hierarchy Separator                : /
Bus Delimiter                      : <>
Case Specifier                     : Maintain
Slice Utilization Ratio            : 100
BRAM Utilization Ratio             : 100
Verilog 2001                       : YES
Auto BRAM Packing                  : NO
Slice Utilization Ratio Delta      : 5

=========================================================================


=========================================================================
*                          HDL Compilation                              *
=========================================================================
Compiling vhdl file "C:/.Xilinx/arthmetic_8_bit_structure/xor_gate.vhd" in Library work.
Architecture behavioral of Entity xor_gate is up to date.
Compiling vhdl file "C:/.Xilinx/arthmetic_8_bit_structure/and_gate.vhd" in Library work.
Architecture behavioral of Entity and_gate is up to date.
Compiling vhdl file "C:/.Xilinx/arthmetic_8_bit_structure/or_gate.vhd" in Library work.
Architecture behavioral of Entity or_gate is up to date.
Compiling vhdl file "C:/.Xilinx/arthmetic_8_bit_structure/and_gate_three_one.vhd" in Library work.
Architecture behavioral of Entity and_gate_three_one is up to date.
Compiling vhdl file "C:/.Xilinx/arthmetic_8_bit_structure/or_gate_four_one.vhd" in Library work.
Architecture behavioral of Entity or_gate_four_one is up to date.
Compiling vhdl file "C:/.Xilinx/arthmetic_8_bit_structure/mux.vhd" in Library work.
Architecture behavioral of Entity mux is up to date.
Compiling vhdl file "C:/.Xilinx/arthmetic_8_bit_structure/full_adder.vhd" in Library work.
Architecture behavioral of Entity full_adder is up to date.
Compiling vhdl file "C:/.Xilinx/arthmetic_8_bit_structure/arthmetic_8_bit_structure.vhd" in Library work.
Architecture behavioral of Entity arthmetic_8_bit_structure is up to date.

=========================================================================
*                     Design Hierarchy Analysis                         *
=========================================================================
Analyzing hierarchy for entity <arthmetic_8_bit_structure> in library <work> (architecture <behavioral>).

Analyzing hierarchy for entity <mux> in library <work> (architecture <behavioral>).

Analyzing hierarchy for entity <full_adder> in library <work> (architecture <behavioral>).

Analyzing hierarchy for entity <and_gate_three_one> in library <work> (architecture <behavioral>).

Analyzing hierarchy for entity <or_gate_four_one> in library <work> (architecture <behavioral>).

Analyzing hierarchy for entity <xor_gate> in library <work> (architecture <behavioral>).

Analyzing hierarchy for entity <and_gate> in library <work> (architecture <behavioral>).

Analyzing hierarchy for entity <or_gate> in library <work> (architecture <behavioral>).


=========================================================================
*                            HDL Analysis                               *
=========================================================================
Analyzing Entity <arthmetic_8_bit_structure> in library <work> (Architecture <behavioral>).
Entity <arthmetic_8_bit_structure> analyzed. Unit <arthmetic_8_bit_structure> generated.

Analyzing Entity <mux> in library <work> (Architecture <behavioral>).
Entity <mux> analyzed. Unit <mux> generated.

Analyzing Entity <and_gate_three_one> in library <work> (Architecture <behavioral>).
Entity <and_gate_three_one> analyzed. Unit <and_gate_three_one> generated.

Analyzing Entity <or_gate_four_one> in library <work> (Architecture <behavioral>).
Entity <or_gate_four_one> analyzed. Unit <or_gate_four_one> generated.

Analyzing Entity <full_adder> in library <work> (Architecture <behavioral>).
Entity <full_adder> analyzed. Unit <full_adder> generated.

Analyzing Entity <xor_gate> in library <work> (Architecture <behavioral>).
Entity <xor_gate> analyzed. Unit <xor_gate> generated.

Analyzing Entity <and_gate> in library <work> (Architecture <behavioral>).
Entity <and_gate> analyzed. Unit <and_gate> generated.

Analyzing Entity <or_gate> in library <work> (Architecture <behavioral>).
Entity <or_gate> analyzed. Unit <or_gate> generated.


=========================================================================
*                           HDL Synthesis                               *
=========================================================================

Performing bidirectional port resolution...

Synthesizing Unit <and_gate_three_one>.
    Related source file is "C:/.Xilinx/arthmetic_8_bit_structure/and_gate_three_one.vhd".
Unit <and_gate_three_one> synthesized.


Synthesizing Unit <or_gate_four_one>.
    Related source file is "C:/.Xilinx/arthmetic_8_bit_structure/or_gate_four_one.vhd".
Unit <or_gate_four_one> synthesized.


Synthesizing Unit <xor_gate>.
    Related source file is "C:/.Xilinx/arthmetic_8_bit_structure/xor_gate.vhd".
    Found 1-bit xor2 for signal <c>.
Unit <xor_gate> synthesized.


Synthesizing Unit <and_gate>.
    Related source file is "C:/.Xilinx/arthmetic_8_bit_structure/and_gate.vhd".
Unit <and_gate> synthesized.


Synthesizing Unit <or_gate>.
    Related source file is "C:/.Xilinx/arthmetic_8_bit_structure/or_gate.vhd".
Unit <or_gate> synthesized.


Synthesizing Unit <mux>.
    Related source file is "C:/.Xilinx/arthmetic_8_bit_structure/mux.vhd".
Unit <mux> synthesized.


Synthesizing Unit <full_adder>.
    Related source file is "C:/.Xilinx/arthmetic_8_bit_structure/full_adder.vhd".
WARNING:Xst:646 - Signal <s_out<2>> is assigned but never used. This unconnected signal will be trimmed during the optimization process.
Unit <full_adder> synthesized.


Synthesizing Unit <arthmetic_8_bit_structure>.
    Related source file is "C:/.Xilinx/arthmetic_8_bit_structure/arthmetic_8_bit_structure.vhd".
Unit <arthmetic_8_bit_structure> synthesized.


=========================================================================
HDL Synthesis Report

Macro Statistics
# Xors                                                 : 16
 1-bit xor2                                            : 16

=========================================================================

=========================================================================
*                       Advanced HDL Synthesis                          *
=========================================================================

WARNING:Xst:524 - All outputs of the instance <k2> of the block <and_gate> are unconnected in block <full_adder>.
   This instance will be removed from the design along with all underlying logic
WARNING:Xst:1290 - Hierarchical block <a3> is unconnected in block <mux1>.
   It will be removed from the design.
WARNING:Xst:1290 - Hierarchical block <a3> is unconnected in block <mux2>.
   It will be removed from the design.
WARNING:Xst:1290 - Hierarchical block <a3> is unconnected in block <mux3>.
   It will be removed from the design.
WARNING:Xst:1290 - Hierarchical block <a3> is unconnected in block <mux4>.
   It will be removed from the design.
WARNING:Xst:1290 - Hierarchical block <a3> is unconnected in block <mux5>.
   It will be removed from the design.
WARNING:Xst:1290 - Hierarchical block <a3> is unconnected in block <mux6>.
   It will be removed from the design.
WARNING:Xst:1290 - Hierarchical block <a3> is unconnected in block <mux7>.
   It will be removed from the design.
WARNING:Xst:1290 - Hierarchical block <a3> is unconnected in block <mux8>.
   It will be removed from the design.

=========================================================================
Advanced HDL Synthesis Report

Macro Statistics
# Xors                                                 : 16
 1-bit xor2                                            : 16

=========================================================================

=========================================================================
*                         Low Level Synthesis                           *
=========================================================================

Optimizing unit <arthmetic_8_bit_structure> ...

Mapping all equations...
Building and optimizing final netlist ...
Found area constraint ratio of 100 (+ 5) on block arthmetic_8_bit_structure, actual ratio is 1.

Final Macro Processing ...

=========================================================================
Final Register Report

Found no macro
=========================================================================

=========================================================================
*                           Partition Report                            *
=========================================================================

Partition Implementation Status
-------------------------------

  No Partitions were found in this design.

-------------------------------

=========================================================================
*                            Final Report                               *
=========================================================================
Final Results
RTL Top Level Output File Name     : arthmetic_8_bit_structure.ngr
Top Level Output File Name         : arthmetic_8_bit_structure
Output Format                      : NGC
Optimization Goal                  : Speed
Keep Hierarchy                     : No

Design Statistics
# IOs                              : 28

Cell Usage :
# BELS                             : 17
#      LUT3                        : 9
#      LUT4                        : 8
# IO Buffers                       : 28
#      IBUF                        : 19
#      OBUF                        : 9
=========================================================================

Device utilization summary:
---------------------------

Selected Device : 3s100ecp132-4 

 Number of Slices:                       10  out of    960     1%  
 Number of 4 input LUTs:                 17  out of   1920     0%  
 Number of IOs:                          28
 Number of bonded IOBs:                  28  out of     83    33%  

---------------------------
Partition Resource Summary:
---------------------------

  No Partitions were found in this design.

---------------------------


=========================================================================
TIMING REPORT

NOTE: THESE TIMING NUMBERS ARE ONLY A SYNTHESIS ESTIMATE.
      FOR ACCURATE TIMING INFORMATION PLEASE REFER TO THE TRACE REPORT
      GENERATED AFTER PLACE-and-ROUTE.

Clock Information:
------------------
No clock signals found in this design

Asynchronous Control Signals Information:
----------------------------------------
No asynchronous control signals found in this design

Timing Summary:
---------------
Speed Grade: -4

   Minimum period: No path found
   Minimum input arrival time before clock: No path found
   Maximum output required time after clock: No path found
   Maximum combinational path delay: 7.839ns

Timing Detail:
--------------
All values displayed in nanoseconds (ns)

=========================================================================
Timing constraint: Default path analysis
  Total number of paths / destination ports: 65 / 9
-------------------------------------------------------------------------
Delay:               7.839ns (Levels of Logic = 4)
  Source:            s<1> (PAD)
  Destination:       d<7> (PAD)

  Data Path: s<1> to d<7>
                                Gate     Net
    Cell:in->out      fanout   Delay   Delay  Logical Name (Net Name)
    ----------------------------------------  ------------
     IBUF:I->O             9   1.218   0.995  s_1_IBUF (s_1_IBUF)
     LUT3:I0->O            2   0.704   0.526  mux7/b1/c1 (mux_out<6>)
     LUT4:I1->O            1   0.704   0.420  fa8/j2/Mxor_c_Result1 (d_7_OBUF)
     OBUF:I->O                 3.272          d_7_OBUF (d<7>)
    ----------------------------------------
    Total                      7.839ns (5.898ns logic, 1.941ns route)
                                       (75.2% logic, 24.8% route)

=========================================================================


Total REAL time to Xst completion: 9.00 secs
Total CPU time to Xst completion: 8.95 secs
 
--> 

Total memory usage is 258476 kilobytes

Number of errors   :    0 (   0 filtered)
Number of warnings :   10 (   0 filtered)
Number of infos    :    0 (   0 filtered)

